     1      0.000000      0.000000      0.000000
     2      0.000000      0.031250      0.000000
     3      0.000000      0.062500      0.000000
     4      0.000000      0.093750      0.000000
     5      0.000000      0.125000      0.000000
     6      0.000000      0.156250      0.000000
     7      0.000000      0.187500      0.000000
     8      0.000000      0.218750      0.000000
     9      0.000000      0.250000      0.000000
    10      0.000000      0.281250      0.000000
    11      0.000000      0.312500      0.000000
    12      0.000000      0.343750      0.000000
    13      0.000000      0.375000      0.000000
    14      0.000000      0.406250      0.000000
    15      0.000000      0.437500      0.000000
    16      0.000000      0.468750      0.000000
    17      0.000000      0.500000      0.000000
    18      0.031250      0.500000      0.000000
    19      0.062500      0.500000      0.000000
    20      0.093750      0.500000      0.000000
    21      0.125000      0.500000      0.000000
    22      0.156250      0.500000      0.000000
    23      0.187500      0.500000      0.000000
    24      0.218750      0.500000      0.000000
    25      0.250000      0.500000      0.000000
    26      0.281250      0.500000      0.000000
    27      0.312500      0.500000      0.000000
    28      0.343750      0.500000      0.000000
    29      0.375000      0.500000      0.000000
    30      0.406250      0.500000      0.000000
    31      0.437500      0.500000      0.000000
    32      0.468750      0.500000      0.000000
    33      0.500000      0.500000      0.000000
    34      0.468750      0.468750      0.000000
    35      0.437500      0.437500      0.000000
    36      0.406250      0.406250      0.000000
    37      0.375000      0.375000      0.000000
    38      0.343750      0.343750      0.000000
    39      0.312500      0.312500      0.000000
    40      0.281250      0.281250      0.000000
    41      0.250000      0.250000      0.000000
    42      0.218750      0.218750      0.000000
    43      0.187500      0.187500      0.000000
    44      0.156250      0.156250      0.000000
    45      0.125000      0.125000      0.000000
    46      0.093750      0.093750      0.000000
    47      0.062500      0.062500      0.000000
    48      0.031250      0.031250      0.000000
    49      0.000000      0.000000      0.000000
    50      0.000000      0.000000      0.022830
    51      0.000000      0.000000      0.045659
    52      0.000000      0.000000      0.068489
    53      0.000000      0.000000      0.091319
    54      0.000000      0.000000      0.114149
    55      0.000000      0.000000      0.136978
    56      0.000000      0.000000      0.159808
    57      0.000000      0.000000      0.182638
    58      0.000000      0.000000      0.205468
    59      0.000000      0.000000      0.228297
    60      0.000000      0.000000      0.251127
    61      0.000000      0.000000      0.273957
    62      0.000000      0.000000      0.296787
    63      0.000000      0.000000      0.319616
    64      0.000000      0.000000      0.342446
    65      0.000000      0.000000      0.365276
    66      0.000000      0.031250      0.365276
    67      0.000000      0.062500      0.365276
    68      0.000000      0.093750      0.365276
    69      0.000000      0.125000      0.365276
    70      0.000000      0.156250      0.365276
    71      0.000000      0.187500      0.365276
    72      0.000000      0.218750      0.365276
    73      0.000000      0.250000      0.365276
    74      0.000000      0.281250      0.365276
    75      0.000000      0.312500      0.365276
    76      0.000000      0.343750      0.365276
    77      0.000000      0.375000      0.365276
    78      0.000000      0.406250      0.365276
    79      0.000000      0.437500      0.365276
    80      0.000000      0.468750      0.365276
    81      0.000000      0.500000      0.365276
    82      0.031250      0.500000      0.365276
    83      0.062500      0.500000      0.365276
    84      0.093750      0.500000      0.365276
    85      0.125000      0.500000      0.365276
    86      0.156250      0.500000      0.365276
    87      0.187500      0.500000      0.365276
    88      0.218750      0.500000      0.365276
    89      0.250000      0.500000      0.365276
    90      0.281250      0.500000      0.365276
    91      0.312500      0.500000      0.365276
    92      0.343750      0.500000      0.365276
    93      0.375000      0.500000      0.365276
    94      0.406250      0.500000      0.365276
    95      0.437500      0.500000      0.365276
    96      0.468750      0.500000      0.365276
    97      0.500000      0.500000      0.365276
    98      0.468750      0.468750      0.365276
    99      0.437500      0.437500      0.365276
   100      0.406250      0.406250      0.365276
   101      0.375000      0.375000      0.365276
   102      0.343750      0.343750      0.365276
   103      0.312500      0.312500      0.365276
   104      0.281250      0.281250      0.365276
   105      0.250000      0.250000      0.365276
   106      0.218750      0.218750      0.365276
   107      0.187500      0.187500      0.365276
   108      0.156250      0.156250      0.365276
   109      0.125000      0.125000      0.365276
   110      0.093750      0.093750      0.365276
   111      0.062500      0.062500      0.365276
   112      0.031250      0.031250      0.365276
   113      0.000000      0.000000      0.365276
   114      0.000000      0.031250      0.342446
   115      0.000000      0.062500      0.319616
   116      0.000000      0.093750      0.296787
   117      0.000000      0.125000      0.273957
   118      0.000000      0.156250      0.251127
   119      0.000000      0.187500      0.228297
   120      0.000000      0.218750      0.205468
   121      0.000000      0.250000      0.182638
   122      0.000000      0.281250      0.159808
   123      0.000000      0.312500      0.136978
   124      0.000000      0.343750      0.114149
   125      0.000000      0.375000      0.091319
   126      0.000000      0.406250      0.068489
   127      0.000000      0.437500      0.045659
   128      0.000000      0.468750      0.022830
   129      0.000000      0.500000      0.000000
   130      0.000000      0.500000      0.022830
   131      0.000000      0.500000      0.045659
   132      0.000000      0.500000      0.068489
   133      0.000000      0.500000      0.091319
   134      0.000000      0.500000      0.114149
   135      0.000000      0.500000      0.136978
   136      0.000000      0.500000      0.159808
   137      0.000000      0.500000      0.182638
   138      0.000000      0.500000      0.205468
   139      0.000000      0.500000      0.228297
   140      0.000000      0.500000      0.251127
   141      0.000000      0.500000      0.273957
   142      0.000000      0.500000      0.296787
   143      0.000000      0.500000      0.319616
   144      0.000000      0.500000      0.342446
   145      0.000000      0.500000      0.365276
   146      0.031250      0.500000      0.342446
   147      0.062500      0.500000      0.319616
   148      0.093750      0.500000      0.296787
   149      0.125000      0.500000      0.273957
   150      0.156250      0.500000      0.251127
   151      0.187500      0.500000      0.228297
   152      0.218750      0.500000      0.205468
   153      0.250000      0.500000      0.182638
   154      0.281250      0.500000      0.159808
   155      0.312500      0.500000      0.136978
   156      0.343750      0.500000      0.114149
   157      0.375000      0.500000      0.091319
   158      0.406250      0.500000      0.068489
   159      0.437500      0.500000      0.045659
   160      0.468750      0.500000      0.022830
   161      0.500000      0.500000      0.000000
   162      0.500000      0.500000      0.022830
   163      0.500000      0.500000      0.045659
   164      0.500000      0.500000      0.068489
   165      0.500000      0.500000      0.091319
   166      0.500000      0.500000      0.114149
   167      0.500000      0.500000      0.136978
   168      0.500000      0.500000      0.159808
   169      0.500000      0.500000      0.182638
   170      0.500000      0.500000      0.205468
   171      0.500000      0.500000      0.228297
   172      0.500000      0.500000      0.251127
   173      0.500000      0.500000      0.273957
   174      0.500000      0.500000      0.296787
   175      0.500000      0.500000      0.319616
   176      0.500000      0.500000      0.342446
   177      0.500000      0.500000      0.365276
